// Jest Snapshot v1, https://goo.gl/fbAQLP

exports[`CourseSidebarListItem renders 1`] = `
<li
  className="d-flex align-items-start border-bottom py-3 row"
>
  <div
    className="d-flex align-items-center col"
  >
    <span
      className="pgn__icon mr-3"
    >
      <svg
        aria-hidden={true}
        fill="none"
        focusable={false}
        height={24}
        role="img"
        viewBox="0 0 24 24"
        width={24}
        xmlns="http://www.w3.org/2000/svg"
      >
        <path
          d="M12 12c2.21 0 4-1.79 4-4s-1.79-4-4-4-4 1.79-4 4 1.79 4 4 4Zm0 2c-2.67 0-8 1.34-8 4v2h16v-2c0-2.66-5.33-4-8-4Z"
          fill="currentColor"
        />
      </svg>
    </span>
    <span>
      Test label
      :
    </span>
  </div>
  <div
    className="col"
  >
    <div
      data-testid="test-content"
    />
  </div>
</li>
`;
