// Jest Snapshot v1, https://goo.gl/fbAQLP

exports[`Course should render the expected HTML 1`] = `
<div>
  <div
    className="course-header"
  >
    <div
      className="container-mw-lg container-fluid"
    >
      <div
        className="py-4 row"
      >
        <div
          className="col-lg-7 col-12"
        >
          <div
            className="mb-4"
          >
            <h2>
              Thinking with portals
            </h2>
          </div>
          <p
            className="font-weight-bold mt-3 mb-0"
          >
            This course is not part of your company's curated course catalog.
          </p>
        </div>
      </div>
    </div>
  </div>
  <div
    className="py-5 container-mw-lg container-fluid"
  >
    <div
      className="row"
    >
      <article
        className="col-xs-12 col-lg-12"
      >
        <div
          className="mb-5"
        >
          <ul
            className="pl-0 mb-5 course-details-sidebar"
          >
            <li
              className="d-flex align-items-start border-bottom py-3 row"
            >
              <div
                className="d-flex align-items-center col"
              >
                <svg
                  aria-hidden="true"
                  className="svg-inline--fa fa-tag fa-w-16 mr-3"
                  data-icon="tag"
                  data-prefix="fas"
                  focusable="false"
                  role="img"
                  style={Object {}}
                  viewBox="0 0 512 512"
                  xmlns="http://www.w3.org/2000/svg"
                >
                  <path
                    d="M0 252.118V48C0 21.49 21.49 0 48 0h204.118a48 48 0 0 1 33.941 14.059l211.882 211.882c18.745 18.745 18.745 49.137 0 67.882L293.823 497.941c-18.745 18.745-49.137 18.745-67.882 0L14.059 286.059A48 48 0 0 1 0 252.118zM112 64c-26.51 0-48 21.49-48 48s21.49 48 48 48 48-21.49 48-48-21.49-48-48-48z"
                    fill="currentColor"
                    style={Object {}}
                  />
                </svg>
                <span>
                  Price
                  :
                </span>
              </div>
              <div
                className="col"
              >
                <div
                  className="mb-2"
                >
                  <del>
                    <span
                      className="sr-only"
                    >
                      Priced reduced from:
                    </span>
                    $
                    200.00
                     
                    USD
                  </del>
                   
                  <span
                    className="sr-only"
                  >
                    Discounted price:
                  </span>
                  $
                  150.00 USD
                </div>
                <span>
                  Sponsored by 
                  Aperture Laboratories
                </span>
              </div>
            </li>
            <li
              className="d-flex align-items-start border-bottom py-3 row"
            >
              <div
                className="d-flex align-items-center col"
              >
                <svg
                  aria-hidden="true"
                  className="svg-inline--fa fa-user fa-w-14 mr-3"
                  data-icon="user"
                  data-prefix="fas"
                  focusable="false"
                  role="img"
                  style={Object {}}
                  viewBox="0 0 448 512"
                  xmlns="http://www.w3.org/2000/svg"
                >
                  <path
                    d="M224 256c70.7 0 128-57.3 128-128S294.7 0 224 0 96 57.3 96 128s57.3 128 128 128zm89.6 32h-16.7c-22.2 10.2-46.9 16-72.9 16s-50.6-5.8-72.9-16h-16.7C60.2 288 0 348.2 0 422.4V464c0 26.5 21.5 48 48 48h352c26.5 0 48-21.5 48-48v-41.6c0-74.2-60.2-134.4-134.4-134.4z"
                    fill="currentColor"
                    style={Object {}}
                  />
                </svg>
                <span>
                  Course Type
                  :
                </span>
              </div>
              <div
                className="col"
              >
                Self-paced on your time
              </div>
            </li>
          </ul>
          <div
            className="prerequisites mb-5"
          >
            <h3>
              Prerequisites
            </h3>
            <div
              dangerouslySetInnerHTML={
                Object {
                  "__html": "<p>Prerequisite</p>>",
                }
              }
            />
          </div>
        </div>
        <div
          className="preview-expand-component mb-5"
        >
          <h3>
            About this course
          </h3>
          <div
            className="preview-expand-body mb-3"
          >
            <div
              dangerouslySetInnerHTML={
                Object {
                  "__html": "<p>Description</p>",
                }
              }
            />
          </div>
          <button
            className="preview-expand-cta px-1 btn btn-link"
            disabled={false}
            id="about-this-course"
            onClick={[Function]}
            type="button"
          >
            <svg
              aria-hidden="true"
              className="svg-inline--fa fa-plus-circle fa-w-16 mr-2 collapsible-icon"
              data-icon="plus-circle"
              data-prefix="fas"
              focusable="false"
              role="img"
              style={Object {}}
              viewBox="0 0 512 512"
              xmlns="http://www.w3.org/2000/svg"
            >
              <path
                d="M256 8C119 8 8 119 8 256s111 248 248 248 248-111 248-248S393 8 256 8zm144 276c0 6.6-5.4 12-12 12h-92v92c0 6.6-5.4 12-12 12h-56c-6.6 0-12-5.4-12-12v-92h-92c-6.6 0-12-5.4-12-12v-56c0-6.6 5.4-12 12-12h92v-92c0-6.6 5.4-12 12-12h56c6.6 0 12 5.4 12 12v92h92c6.6 0 12 5.4 12 12v56z"
                fill="currentColor"
                style={Object {}}
              />
            </svg>
            More about this course
          </button>
        </div>
        <div
          className="mb-5"
        >
          <h3>
            Sponsored by
          </h3>
          <div
            className="row no-gutters mt-3"
          >
            <div
              className="col-lg-6 mb-3"
            >
              <div
                className="mb-2"
              >
                <a
                  aria-hidden="true"
                  href="http://example.com/sponsor-url"
                  rel="noopener noreferrer"
                  tabIndex="-1"
                  target="_blank"
                >
                  <img
                    alt="Shower Curtains logo"
                  />
                </a>
              </div>
              <a
                className="pgn__hyperlink default-link standalone-link"
                href="http://example.com/sponsor-url"
                onClick={[Function]}
                rel="noopener noreferrer"
                target="_blank"
              >
                Shower Curtains
                <span
                  aria-label="in a new tab"
                  className="d-inline-block align-middle ml-2"
                  title="Opens in a new tab"
                >
                  <span
                    className="pgn__icon"
                    style={
                      Object {
                        "height": "1em",
                        "width": "1em",
                      }
                    }
                  >
                    <svg
                      aria-hidden={true}
                      fill="none"
                      focusable={false}
                      height={24}
                      role="img"
                      viewBox="0 0 24 24"
                      width={24}
                      xmlns="http://www.w3.org/2000/svg"
                    >
                      <path
                        d="M19 19H5V5h7V3H3v18h18v-9h-2v7zM14 3v2h3.59l-9.83 9.83 1.41 1.41L19 6.41V10h2V3h-7z"
                        fill="currentColor"
                      />
                    </svg>
                  </span>
                </span>
              </a>
            </div>
          </div>
          <p>
            The production of this course would not have been possible without the generous contributions of 
            Shower Curtains
            .
          </p>
        </div>
      </article>
    </div>
  </div>
</div>
`;
