// Jest Snapshot v1, https://goo.gl/fbAQLP

exports[`[Smoke] Smoke test Dashboard renders 1`] = `
<div
  className="py-5 justify-content-center align-items-start text-center container-fluid"
>
  <div
    className="row"
  >
    <div
      className="col"
    >
      <p
        className="text-muted"
      >
        <span>
          An unexpected error occurred. Please click the button below to refresh the page.
        </span>
      </p>
      <button
        className="btn btn-primary"
        disabled={false}
        onClick={[Function]}
        type="button"
      >
        <span>
          Try again
        </span>
      </button>
    </div>
  </div>
</div>
`;
